2021-03-11 22:34:55,664:INFO:flipkrat.py:Url hitted
2021-03-11 22:34:55,871:INFO:flipkrat.py:login popup handled
2021-03-11 22:34:56,219:INFO:flipkrat.py:Search begins
2021-03-11 22:34:59,039:INFO:flipkrat.py:Data saved in scrapper file
2021-03-11 22:35:58,120:INFO:flipkrat.py:Url hitted
2021-03-11 22:35:58,315:INFO:flipkrat.py:login popup handled
2021-03-11 22:35:58,591:INFO:flipkrat.py:Search begins
2021-03-11 22:36:01,400:INFO:flipkrat.py:Data saved in scrapper file
2021-03-11 22:36:23,309:INFO:flipkrat.py:Url hitted
2021-03-11 22:36:23,496:INFO:flipkrat.py:login popup handled
2021-03-11 22:36:23,770:INFO:flipkrat.py:Search begins
2021-03-11 22:36:33,418:INFO:flipkrat.py:Url hitted
2021-03-11 22:36:33,647:INFO:flipkrat.py:login popup handled
2021-03-11 22:36:34,002:INFO:flipkrat.py:Search begins
2021-03-11 22:36:36,914:INFO:flipkrat.py:Data saved in scrapper file
2021-03-11 22:37:59,845:INFO:flipkrat.py:Thread run completed
2021-03-12 18:10:07,996:INFO:flipkrat.py:Url hitted
2021-03-12 18:10:08,216:INFO:flipkrat.py:login popup handled
2021-03-12 18:10:08,649:INFO:flipkrat.py:Search begins for Nike
2021-03-12 18:10:15,835:INFO:flipkrat.py:Data saved in scrapper file
2021-03-12 18:21:17,976:INFO:flipkrat.py:Url hitted
2021-03-12 18:21:18,307:INFO:flipkrat.py:login popup handled
2021-03-12 18:21:18,661:INFO:flipkrat.py:Search begins for shorts
2021-03-12 18:21:45,120:INFO:flipkrat.py:Thread run completed
2021-03-12 18:51:46,598:INFO:flipkrat.py:Url hitted
2021-03-12 18:51:46,854:INFO:flipkrat.py:login popup handled
2021-03-12 18:51:47,148:INFO:flipkrat.py:Search begins for Nike
2021-03-12 18:51:52,934:INFO:flipkrat.py:Data saved in scrapper file
2021-03-12 18:59:13,412:INFO:flipkrat.py:Url hitted
2021-03-12 18:59:13,585:INFO:flipkrat.py:login popup handled
2021-03-12 18:59:13,871:INFO:flipkrat.py:Search begins for Nike
2021-03-12 18:59:20,027:INFO:flipkrat.py:Data saved in scrapper file
2021-03-12 19:05:39,138:INFO:flipkrat.py:Url hitted
2021-03-12 19:05:39,293:INFO:flipkrat.py:login popup handled
2021-03-12 19:05:39,627:INFO:flipkrat.py:Search begins for Saree
2021-03-12 19:05:45,435:INFO:flipkrat.py:Data saved in scrapper file
2021-03-12 19:48:30,551:INFO:flipkrat.py:Url hitted
2021-03-12 19:48:32,022:INFO:flipkrat.py:login popup handled
2021-03-12 19:48:33,971:INFO:flipkrat.py:Search begins for Nike
2021-03-12 19:48:39,271:INFO:flipkrat.py:Data saved in scrapper file
2021-03-12 19:52:16,469:INFO:flipkrat.py:Url hitted
2021-03-12 19:52:16,797:INFO:flipkrat.py:login popup handled
2021-03-12 19:52:17,244:INFO:flipkrat.py:Search begins for Nike
2021-03-12 19:52:19,627:INFO:flipkrat.py:Data saved in scrapper file
2021-03-12 22:38:31,082:INFO:flipkrat.py:Url hitted
2021-03-12 22:38:31,387:INFO:flipkrat.py:login popup handled
2021-03-12 22:38:31,835:INFO:flipkrat.py:Search begins for Nike
2021-03-12 22:38:38,080:INFO:flipkrat.py:Data saved in scrapper file
2022-11-20 15:58:51,587:INFO:flipkrat.py:Url hitted
2022-11-20 15:59:08,294:INFO:flipkrat.py:Url hitted
2022-11-20 16:00:16,343:INFO:flipkrat.py:Url hitted
2022-11-20 16:00:17,111:INFO:flipkrat.py:login popup handled
2022-11-20 16:01:18,369:INFO:flipkrat.py:Url hitted
2022-11-20 16:01:18,505:INFO:flipkrat.py:login popup handled
2022-11-20 16:01:18,833:INFO:flipkrat.py:Search begins for iphonexr
2022-11-20 16:01:55,383:INFO:flipkrat.py:Url hitted
2022-11-20 16:04:25,202:INFO:flipkrat.py:Url hitted
2022-11-20 16:05:22,645:INFO:flipkrat.py:Url hitted
2022-11-20 16:05:22,813:INFO:flipkrat.py:login popup handled
2022-11-20 16:05:23,157:INFO:flipkrat.py:Search begins for iphone-13
2022-11-20 16:07:29,492:INFO:flipkrat.py:Url hitted
2022-11-20 19:32:35,741:INFO:flipkrat.py:Url hitted
2022-11-20 19:36:19,423:INFO:flipkrat.py:Url hitted
2022-11-20 19:37:20,844:INFO:flipkrat.py:Url hitted
2022-11-20 19:39:16,026:INFO:flipkrat.py:Url hitted
2022-11-20 19:39:16,136:INFO:flipkrat.py:login popup handled
2022-11-20 19:39:16,365:INFO:flipkrat.py:Search begins for iphonexr
2022-11-20 20:01:33,464:INFO:flipkrat.py:Url hitted
2022-11-20 20:01:33,617:INFO:flipkrat.py:login popup handled
2022-11-20 20:01:33,874:INFO:flipkrat.py:Search begins for iphonexr
2022-11-20 20:06:20,138:INFO:flipkrat.py:Url hitted
2022-11-20 20:06:20,240:INFO:flipkrat.py:login popup handled
2022-11-20 20:06:20,510:INFO:flipkrat.py:Search begins for iphonexr
2022-11-20 23:12:10,179:INFO:flipkrat.py:Url hitted
2022-11-20 23:13:27,966:INFO:flipkrat.py:Url hitted
2022-11-20 23:17:38,466:INFO:flipkrat.py:Url hitted
2022-11-20 23:17:38,658:INFO:flipkrat.py:login popup handled
2022-11-20 23:17:38,930:INFO:flipkrat.py:Search begins for iphonexr
